main.c:96:5:GETVAL	4	static
main.c:100:6:HAL_UART_RxCpltCallback	16	static
main.c:110:6:sys_init	8	static
main.c:120:6:MotorControlSpeed	16	static
main.c:157:6:HAL_TIM_PeriodElapsedCallback	16	static
main.c:170:6:Write_Flash	24	static
main.c:179:10:Read_Flash	24	static
main.c:186:6:PIDmanual	40	static
main.c:198:6:cacheall	4	static
main.c:208:5:main	32	static
main.c:282:6:SystemClock_Config	88	static
main.c:327:13:MX_I2C1_Init	8	static
main.c:361:13:MX_TIM2_Init	56	static
main.c:410:13:MX_TIM3_Init	56	static
main.c:459:13:MX_TIM6_Init	16	static
main.c:497:13:MX_TIM7_Init	16	static
main.c:535:13:MX_TIM8_Init	80	static
main.c:599:13:MX_TIM12_Init	40	static
main.c:641:13:MX_USART3_UART_Init	8	static
main.c:674:13:MX_GPIO_Init	48	static
main.c:727:6:Error_Handler	4	static
