main.c:83:5:GETVAL	4	static
main.c:87:6:HAL_UART_RxCpltCallback	16	static
main.c:97:6:sys_init	8	static
main.c:107:6:MotorControlSpeed	16	static
main.c:144:6:HAL_TIM_PeriodElapsedCallback	16	static
main.c:154:6:Write_Flash	24	static
main.c:163:10:Read_Flash	24	static
main.c:170:6:PIDmanual	40	static
main.c:189:5:main	32	static
main.c:261:6:SystemClock_Config	88	static
main.c:306:13:MX_I2C1_Init	8	static
main.c:340:13:MX_TIM2_Init	56	static
main.c:389:13:MX_TIM3_Init	56	static
main.c:438:13:MX_TIM7_Init	16	static
main.c:476:13:MX_TIM8_Init	80	static
main.c:545:13:MX_USART3_UART_Init	8	static
main.c:578:13:MX_GPIO_Init	48	static
main.c:638:6:Error_Handler	4	static
